INFO 2025-10-26 14:51:28,356 autoreload 6308 18540 Watching for file changes with StatReloader
INFO 2025-10-26 14:52:26,300 autoreload 10388 18356 Watching for file changes with StatReloader
INFO 2025-10-26 14:53:28,881 autoreload 10388 18356 C:\Users\saido\Desktop\Курсовой проект 4\Project_Django_service\mailing_service\service\apps.py changed, reloading.
INFO 2025-10-26 14:53:29,431 autoreload 8040 9840 Watching for file changes with StatReloader
INFO 2025-10-26 14:54:01,216 autoreload 5828 6132 Watching for file changes with StatReloader
INFO 2025-10-26 14:55:55,353 autoreload 8188 11576 Watching for file changes with StatReloader
INFO 2025-10-26 14:56:00,475 basehttp 8188 12508 "GET / HTTP/1.1" 200 486
INFO 2025-10-26 14:57:17,646 basehttp 8188 12508 "GET / HTTP/1.1" 200 486
INFO 2025-10-26 14:57:19,606 basehttp 8188 12508 "GET /users/register/ HTTP/1.1" 200 2981
INFO 2025-10-26 14:58:02,703 basehttp 8188 12508 "POST /users/register/ HTTP/1.1" 200 3287
INFO 2025-10-26 14:58:34,050 basehttp 8188 12508 "POST /users/register/ HTTP/1.1" 200 3287
INFO 2025-10-26 17:22:42,914 basehttp 8188 1520 "POST /users/register/ HTTP/1.1" 302 0
INFO 2025-10-26 17:22:42,928 basehttp 8188 1520 "GET / HTTP/1.1" 200 486
INFO 2025-10-26 17:24:18,922 basehttp 8188 1520 "GET /admin/ HTTP/1.1" 302 0
INFO 2025-10-26 17:24:18,952 basehttp 8188 1520 "GET /admin/login/?next=/admin/ HTTP/1.1" 200 3854
INFO 2025-10-26 17:24:18,961 basehttp 8188 1520 "GET /static/admin/css/base.css HTTP/1.1" 304 0
INFO 2025-10-26 17:24:18,962 basehttp 8188 15040 "GET /static/admin/css/nav_sidebar.css HTTP/1.1" 304 0
INFO 2025-10-26 17:24:18,962 basehttp 8188 912 "GET /static/admin/css/dark_mode.css HTTP/1.1" 304 0
INFO 2025-10-26 17:24:18,963 basehttp 8188 10008 "GET /static/admin/css/login.css HTTP/1.1" 304 0
INFO 2025-10-26 17:24:18,963 basehttp 8188 16804 "GET /static/admin/css/responsive.css HTTP/1.1" 304 0
INFO 2025-10-26 17:24:18,964 basehttp 8188 8208 "GET /static/admin/js/theme.js HTTP/1.1" 304 0
INFO 2025-10-26 17:24:18,965 basehttp 8188 8208 "GET /static/admin/js/nav_sidebar.js HTTP/1.1" 304 0
INFO 2025-10-26 17:24:19,018 basehttp 8188 8208 "GET /static/admin/img/icon-yes.svg HTTP/1.1" 200 436
INFO 2025-10-26 17:24:38,982 basehttp 8188 8208 "POST /admin/login/?next=/admin/ HTTP/1.1" 200 3863
INFO 2025-10-26 17:24:58,919 basehttp 8188 8208 "POST /admin/login/?next=/admin/ HTTP/1.1" 200 3863
INFO 2025-10-26 17:28:26,884 autoreload 8188 11576 C:\Users\saido\Desktop\Курсовой проект 4\Project_Django_service\mailing_service\service\views.py changed, reloading.
INFO 2025-10-26 17:28:27,757 autoreload 7792 15500 Watching for file changes with StatReloader
INFO 2025-10-26 17:28:47,045 autoreload 7792 15500 C:\Users\saido\Desktop\Курсовой проект 4\Project_Django_service\mailing_service\service\views.py changed, reloading.
INFO 2025-10-26 17:28:47,778 autoreload 5244 14080 Watching for file changes with StatReloader
INFO 2025-10-26 17:28:53,454 autoreload 5244 14080 C:\Users\saido\Desktop\Курсовой проект 4\Project_Django_service\mailing_service\service\views.py changed, reloading.
INFO 2025-10-26 17:28:54,206 autoreload 14352 14796 Watching for file changes with StatReloader
INFO 2025-10-26 17:29:53,728 autoreload 14352 14796 C:\Users\saido\Desktop\Курсовой проект 4\Project_Django_service\mailing_service\service\views.py changed, reloading.
INFO 2025-10-26 17:29:54,587 autoreload 10124 8164 Watching for file changes with StatReloader
INFO 2025-10-26 17:30:29,647 autoreload 10124 8164 C:\Users\saido\Desktop\Курсовой проект 4\Project_Django_service\mailing_service\service\urls.py changed, reloading.
INFO 2025-10-26 17:30:30,458 autoreload 5384 10520 Watching for file changes with StatReloader
INFO 2025-10-26 17:33:51,138 basehttp 5384 2632 "GET /admin/login/?next=/admin/ HTTP/1.1" 200 3691
INFO 2025-10-26 17:33:54,946 basehttp 5384 2632 "POST /admin/login/?next=/admin/ HTTP/1.1" 200 3863
INFO 2025-10-26 17:34:04,991 basehttp 5384 2632 "GET /clients/ HTTP/1.1" 200 1445
INFO 2025-10-26 17:34:18,090 basehttp 5384 2632 "GET /clients/create/ HTTP/1.1" 200 2189
INFO 2025-10-26 17:34:55,217 basehttp 5384 2632 "POST /clients/create/ HTTP/1.1" 302 0
INFO 2025-10-26 17:34:55,226 basehttp 5384 2632 "GET /clients/ HTTP/1.1" 200 2152
INFO 2025-10-26 17:34:56,741 basehttp 5384 2632 "GET /clients/create/ HTTP/1.1" 200 2189
INFO 2025-10-26 17:35:04,989 basehttp 5384 2632 "POST /clients/create/ HTTP/1.1" 302 0
INFO 2025-10-26 17:35:05,000 basehttp 5384 2632 "GET /clients/ HTTP/1.1" 200 2331
ERROR 2025-10-26 17:35:13,531 log 5384 2632 Internal Server Error: /messages/
Traceback (most recent call last):
  File "C:\Users\saido\AppData\Local\pypoetry\Cache\virtualenvs\project-django-service-EOVQ5_a7-py3.13\Lib\site-packages\django\core\handlers\exception.py", line 55, in inner
    response = get_response(request)
  File "C:\Users\saido\AppData\Local\pypoetry\Cache\virtualenvs\project-django-service-EOVQ5_a7-py3.13\Lib\site-packages\django\core\handlers\base.py", line 197, in _get_response
    response = wrapped_callback(request, *callback_args, **callback_kwargs)
  File "C:\Users\saido\AppData\Local\pypoetry\Cache\virtualenvs\project-django-service-EOVQ5_a7-py3.13\Lib\site-packages\django\contrib\auth\decorators.py", line 59, in _view_wrapper
    return view_func(request, *args, **kwargs)
  File "C:\Users\saido\Desktop\Курсовой проект 4\Project_Django_service\mailing_service\service\views.py", line 51, in message_list
    return render(request, 'service/message_list.html', {'messages': messages_list})
  File "C:\Users\saido\AppData\Local\pypoetry\Cache\virtualenvs\project-django-service-EOVQ5_a7-py3.13\Lib\site-packages\django\shortcuts.py", line 25, in render
    content = loader.render_to_string(template_name, context, request, using=using)
  File "C:\Users\saido\AppData\Local\pypoetry\Cache\virtualenvs\project-django-service-EOVQ5_a7-py3.13\Lib\site-packages\django\template\loader.py", line 61, in render_to_string
    template = get_template(template_name, using=using)
  File "C:\Users\saido\AppData\Local\pypoetry\Cache\virtualenvs\project-django-service-EOVQ5_a7-py3.13\Lib\site-packages\django\template\loader.py", line 19, in get_template
    raise TemplateDoesNotExist(template_name, chain=chain)
django.template.exceptions.TemplateDoesNotExist: service/message_list.html
ERROR 2025-10-26 17:35:13,534 basehttp 5384 2632 "GET /messages/ HTTP/1.1" 500 88848
ERROR 2025-10-26 17:35:31,633 log 5384 2632 Internal Server Error: /statistics/
Traceback (most recent call last):
  File "C:\Users\saido\AppData\Local\pypoetry\Cache\virtualenvs\project-django-service-EOVQ5_a7-py3.13\Lib\site-packages\django\core\handlers\exception.py", line 55, in inner
    response = get_response(request)
  File "C:\Users\saido\AppData\Local\pypoetry\Cache\virtualenvs\project-django-service-EOVQ5_a7-py3.13\Lib\site-packages\django\core\handlers\base.py", line 197, in _get_response
    response = wrapped_callback(request, *callback_args, **callback_kwargs)
  File "C:\Users\saido\AppData\Local\pypoetry\Cache\virtualenvs\project-django-service-EOVQ5_a7-py3.13\Lib\site-packages\django\contrib\auth\decorators.py", line 59, in _view_wrapper
    return view_func(request, *args, **kwargs)
  File "C:\Users\saido\Desktop\Курсовой проект 4\Project_Django_service\mailing_service\service\views.py", line 127, in statistics
    return render(request, 'service/statistics.html', context)
  File "C:\Users\saido\AppData\Local\pypoetry\Cache\virtualenvs\project-django-service-EOVQ5_a7-py3.13\Lib\site-packages\django\shortcuts.py", line 25, in render
    content = loader.render_to_string(template_name, context, request, using=using)
  File "C:\Users\saido\AppData\Local\pypoetry\Cache\virtualenvs\project-django-service-EOVQ5_a7-py3.13\Lib\site-packages\django\template\loader.py", line 61, in render_to_string
    template = get_template(template_name, using=using)
  File "C:\Users\saido\AppData\Local\pypoetry\Cache\virtualenvs\project-django-service-EOVQ5_a7-py3.13\Lib\site-packages\django\template\loader.py", line 19, in get_template
    raise TemplateDoesNotExist(template_name, chain=chain)
django.template.exceptions.TemplateDoesNotExist: service/statistics.html
ERROR 2025-10-26 17:35:31,637 basehttp 5384 2632 "GET /statistics/ HTTP/1.1" 500 89590
ERROR 2025-10-26 17:35:33,874 log 5384 2632 Internal Server Error: /mailings/
Traceback (most recent call last):
  File "C:\Users\saido\AppData\Local\pypoetry\Cache\virtualenvs\project-django-service-EOVQ5_a7-py3.13\Lib\site-packages\django\core\handlers\exception.py", line 55, in inner
    response = get_response(request)
  File "C:\Users\saido\AppData\Local\pypoetry\Cache\virtualenvs\project-django-service-EOVQ5_a7-py3.13\Lib\site-packages\django\core\handlers\base.py", line 197, in _get_response
    response = wrapped_callback(request, *callback_args, **callback_kwargs)
  File "C:\Users\saido\AppData\Local\pypoetry\Cache\virtualenvs\project-django-service-EOVQ5_a7-py3.13\Lib\site-packages\django\contrib\auth\decorators.py", line 59, in _view_wrapper
    return view_func(request, *args, **kwargs)
  File "C:\Users\saido\Desktop\Курсовой проект 4\Project_Django_service\mailing_service\service\views.py", line 75, in mailing_list
    return render(request, 'service/mailing_list.html', {'mailings': mailings})
  File "C:\Users\saido\AppData\Local\pypoetry\Cache\virtualenvs\project-django-service-EOVQ5_a7-py3.13\Lib\site-packages\django\shortcuts.py", line 25, in render
    content = loader.render_to_string(template_name, context, request, using=using)
  File "C:\Users\saido\AppData\Local\pypoetry\Cache\virtualenvs\project-django-service-EOVQ5_a7-py3.13\Lib\site-packages\django\template\loader.py", line 61, in render_to_string
    template = get_template(template_name, using=using)
  File "C:\Users\saido\AppData\Local\pypoetry\Cache\virtualenvs\project-django-service-EOVQ5_a7-py3.13\Lib\site-packages\django\template\loader.py", line 19, in get_template
    raise TemplateDoesNotExist(template_name, chain=chain)
django.template.exceptions.TemplateDoesNotExist: service/mailing_list.html
ERROR 2025-10-26 17:35:33,878 basehttp 5384 2632 "GET /mailings/ HTTP/1.1" 500 88982
INFO 2025-10-26 17:35:35,527 basehttp 5384 2632 "GET /clients/ HTTP/1.1" 200 2026
ERROR 2025-10-26 17:35:36,896 log 5384 2632 Internal Server Error: /messages/
Traceback (most recent call last):
  File "C:\Users\saido\AppData\Local\pypoetry\Cache\virtualenvs\project-django-service-EOVQ5_a7-py3.13\Lib\site-packages\django\core\handlers\exception.py", line 55, in inner
    response = get_response(request)
  File "C:\Users\saido\AppData\Local\pypoetry\Cache\virtualenvs\project-django-service-EOVQ5_a7-py3.13\Lib\site-packages\django\core\handlers\base.py", line 197, in _get_response
    response = wrapped_callback(request, *callback_args, **callback_kwargs)
  File "C:\Users\saido\AppData\Local\pypoetry\Cache\virtualenvs\project-django-service-EOVQ5_a7-py3.13\Lib\site-packages\django\contrib\auth\decorators.py", line 59, in _view_wrapper
    return view_func(request, *args, **kwargs)
  File "C:\Users\saido\Desktop\Курсовой проект 4\Project_Django_service\mailing_service\service\views.py", line 51, in message_list
    return render(request, 'service/message_list.html', {'messages': messages_list})
  File "C:\Users\saido\AppData\Local\pypoetry\Cache\virtualenvs\project-django-service-EOVQ5_a7-py3.13\Lib\site-packages\django\shortcuts.py", line 25, in render
    content = loader.render_to_string(template_name, context, request, using=using)
  File "C:\Users\saido\AppData\Local\pypoetry\Cache\virtualenvs\project-django-service-EOVQ5_a7-py3.13\Lib\site-packages\django\template\loader.py", line 61, in render_to_string
    template = get_template(template_name, using=using)
  File "C:\Users\saido\AppData\Local\pypoetry\Cache\virtualenvs\project-django-service-EOVQ5_a7-py3.13\Lib\site-packages\django\template\loader.py", line 19, in get_template
    raise TemplateDoesNotExist(template_name, chain=chain)
django.template.exceptions.TemplateDoesNotExist: service/message_list.html
ERROR 2025-10-26 17:35:36,900 basehttp 5384 2632 "GET /messages/ HTTP/1.1" 500 89007
ERROR 2025-10-26 17:35:56,029 log 5384 2632 Internal Server Error: /mailings/
Traceback (most recent call last):
  File "C:\Users\saido\AppData\Local\pypoetry\Cache\virtualenvs\project-django-service-EOVQ5_a7-py3.13\Lib\site-packages\django\core\handlers\exception.py", line 55, in inner
    response = get_response(request)
  File "C:\Users\saido\AppData\Local\pypoetry\Cache\virtualenvs\project-django-service-EOVQ5_a7-py3.13\Lib\site-packages\django\core\handlers\base.py", line 197, in _get_response
    response = wrapped_callback(request, *callback_args, **callback_kwargs)
  File "C:\Users\saido\AppData\Local\pypoetry\Cache\virtualenvs\project-django-service-EOVQ5_a7-py3.13\Lib\site-packages\django\contrib\auth\decorators.py", line 59, in _view_wrapper
    return view_func(request, *args, **kwargs)
  File "C:\Users\saido\Desktop\Курсовой проект 4\Project_Django_service\mailing_service\service\views.py", line 75, in mailing_list
    return render(request, 'service/mailing_list.html', {'mailings': mailings})
  File "C:\Users\saido\AppData\Local\pypoetry\Cache\virtualenvs\project-django-service-EOVQ5_a7-py3.13\Lib\site-packages\django\shortcuts.py", line 25, in render
    content = loader.render_to_string(template_name, context, request, using=using)
  File "C:\Users\saido\AppData\Local\pypoetry\Cache\virtualenvs\project-django-service-EOVQ5_a7-py3.13\Lib\site-packages\django\template\loader.py", line 61, in render_to_string
    template = get_template(template_name, using=using)
  File "C:\Users\saido\AppData\Local\pypoetry\Cache\virtualenvs\project-django-service-EOVQ5_a7-py3.13\Lib\site-packages\django\template\loader.py", line 19, in get_template
    raise TemplateDoesNotExist(template_name, chain=chain)
django.template.exceptions.TemplateDoesNotExist: service/mailing_list.html
ERROR 2025-10-26 17:35:56,032 basehttp 5384 2632 "GET /mailings/ HTTP/1.1" 500 88823
INFO 2025-10-26 17:41:09,582 basehttp 5384 1736 "GET /users/login/ HTTP/1.1" 200 1660
INFO 2025-10-26 17:41:13,451 basehttp 5384 1736 "POST /users/login/ HTTP/1.1" 302 0
INFO 2025-10-26 17:41:13,474 basehttp 5384 1736 "GET / HTTP/1.1" 200 3191
ERROR 2025-10-26 17:41:26,340 log 5384 1736 Internal Server Error: /statistics/
Traceback (most recent call last):
  File "C:\Users\saido\AppData\Local\pypoetry\Cache\virtualenvs\project-django-service-EOVQ5_a7-py3.13\Lib\site-packages\django\core\handlers\exception.py", line 55, in inner
    response = get_response(request)
  File "C:\Users\saido\AppData\Local\pypoetry\Cache\virtualenvs\project-django-service-EOVQ5_a7-py3.13\Lib\site-packages\django\core\handlers\base.py", line 197, in _get_response
    response = wrapped_callback(request, *callback_args, **callback_kwargs)
  File "C:\Users\saido\AppData\Local\pypoetry\Cache\virtualenvs\project-django-service-EOVQ5_a7-py3.13\Lib\site-packages\django\contrib\auth\decorators.py", line 59, in _view_wrapper
    return view_func(request, *args, **kwargs)
  File "C:\Users\saido\Desktop\Курсовой проект 4\Project_Django_service\mailing_service\service\views.py", line 127, in statistics
    return render(request, 'service/statistics.html', context)
  File "C:\Users\saido\AppData\Local\pypoetry\Cache\virtualenvs\project-django-service-EOVQ5_a7-py3.13\Lib\site-packages\django\shortcuts.py", line 25, in render
    content = loader.render_to_string(template_name, context, request, using=using)
  File "C:\Users\saido\AppData\Local\pypoetry\Cache\virtualenvs\project-django-service-EOVQ5_a7-py3.13\Lib\site-packages\django\template\loader.py", line 61, in render_to_string
    template = get_template(template_name, using=using)
  File "C:\Users\saido\AppData\Local\pypoetry\Cache\virtualenvs\project-django-service-EOVQ5_a7-py3.13\Lib\site-packages\django\template\loader.py", line 19, in get_template
    raise TemplateDoesNotExist(template_name, chain=chain)
django.template.exceptions.TemplateDoesNotExist: service/statistics.html
ERROR 2025-10-26 17:41:26,343 basehttp 5384 1736 "GET /statistics/ HTTP/1.1" 500 89582
INFO 2025-10-26 17:41:28,419 basehttp 5384 1736 "GET /clients/create/ HTTP/1.1" 200 2189
INFO 2025-10-26 17:41:30,804 basehttp 5384 1736 "GET /messages/create/ HTTP/1.1" 200 2027
INFO 2025-10-26 17:41:33,371 basehttp 5384 1736 "GET /mailings/create/ HTTP/1.1" 200 3337
INFO 2025-10-26 17:41:47,835 basehttp 5384 1736 "GET /clients/ HTTP/1.1" 200 2026
INFO 2025-10-26 17:41:54,469 basehttp 5384 1736 "GET /clients/ HTTP/1.1" 200 2026
INFO 2025-10-26 17:42:02,500 basehttp 5384 1736 "GET /clients/create/ HTTP/1.1" 200 2189
INFO 2025-10-26 17:42:06,566 basehttp 5384 1736 "GET /clients/ HTTP/1.1" 200 2026
INFO 2025-10-26 17:43:02,759 basehttp 5384 1736 "GET /messages/create/ HTTP/1.1" 200 2027
INFO 2025-10-26 17:43:16,369 basehttp 5384 1736 "POST /messages/create/ HTTP/1.1" 302 0
INFO 2025-10-26 17:43:16,384 basehttp 5384 1736 "GET /messages/ HTTP/1.1" 200 2148
INFO 2025-10-26 17:43:39,975 basehttp 5384 1736 "GET /clients/create/ HTTP/1.1" 200 2502
INFO 2025-10-26 17:43:41,811 basehttp 5384 1736 "GET / HTTP/1.1" 200 2884
INFO 2025-10-26 17:43:43,657 basehttp 5384 1736 "GET /messages/create/ HTTP/1.1" 200 2027
INFO 2025-10-26 17:43:44,359 basehttp 5384 1736 "GET / HTTP/1.1" 200 2884
INFO 2025-10-26 17:43:45,236 basehttp 5384 1736 "GET /mailings/create/ HTTP/1.1" 200 3535
INFO 2025-10-26 17:43:46,443 basehttp 5384 1736 "GET / HTTP/1.1" 200 2884
INFO 2025-10-26 17:43:47,684 basehttp 5384 1736 "GET /clients/ HTTP/1.1" 200 2026
INFO 2025-10-26 17:43:48,713 basehttp 5384 1736 "GET /messages/ HTTP/1.1" 200 2148
INFO 2025-10-26 17:43:50,006 basehttp 5384 1736 "GET /mailings/ HTTP/1.1" 200 1450
INFO 2025-10-26 17:44:00,459 basehttp 5384 1736 "GET /mailings/create/ HTTP/1.1" 200 3535
INFO 2025-10-26 17:45:18,365 basehttp 5384 1736 "POST /mailings/create/ HTTP/1.1" 302 0
INFO 2025-10-26 17:45:18,381 basehttp 5384 1736 "GET /mailings/ HTTP/1.1" 200 2556
INFO 2025-10-26 17:45:47,846 send_mailings 10084 15376 Запуск отправки рассылок
INFO 2025-10-26 17:46:38,498 send_mailings 14148 5704 Запуск отправки рассылок
INFO 2025-10-26 17:51:09,685 autoreload 19136 11996 Watching for file changes with StatReloader
INFO 2025-10-26 17:51:12,576 basehttp 19136 20292 "GET / HTTP/1.1" 200 2884
INFO 2025-10-26 17:51:38,021 basehttp 19136 20292 "GET /users/register/ HTTP/1.1" 200 2981
INFO 2025-10-26 17:51:54,651 basehttp 19136 20292 "GET /admin/ HTTP/1.1" 302 0
INFO 2025-10-26 17:51:54,679 basehttp 19136 20292 "GET /admin/login/?next=/admin/ HTTP/1.1" 200 3691
INFO 2025-10-26 17:52:00,569 basehttp 19136 20292 "POST /admin/login/?next=/admin/ HTTP/1.1" 200 3863
INFO 2025-10-26 17:52:15,336 basehttp 19136 20292 "GET /clients/create/ HTTP/1.1" 200 2189
INFO 2025-10-26 17:52:16,570 basehttp 19136 20292 "GET / HTTP/1.1" 200 2884
INFO 2025-10-26 17:52:17,346 basehttp 19136 20292 "GET /clients/ HTTP/1.1" 200 2026
INFO 2025-10-26 17:52:19,260 basehttp 19136 20292 "GET /messages/ HTTP/1.1" 200 2148
INFO 2025-10-26 17:52:20,383 basehttp 19136 20292 "GET /mailings/ HTTP/1.1" 200 2245
INFO 2025-10-26 17:54:07,698 autoreload 8444 19304 Watching for file changes with StatReloader
INFO 2025-10-26 17:54:09,072 basehttp 8444 10448 "GET / HTTP/1.1" 200 2884
INFO 2025-10-26 17:56:54,840 basehttp 8444 10448 "GET /mailings/ HTTP/1.1" 200 2245
INFO 2025-10-26 17:57:31,831 basehttp 8444 10448 "GET / HTTP/1.1" 200 2884
INFO 2025-10-26 18:00:48,151 autoreload 10944 16656 Watching for file changes with StatReloader
INFO 2025-10-26 18:00:53,407 basehttp 10944 16628 "GET / HTTP/1.1" 200 2884
INFO 2025-10-26 18:01:04,043 basehttp 10944 16628 "GET /mailings/ HTTP/1.1" 200 2245
INFO 2025-10-26 18:01:07,135 basehttp 10944 16628 "GET /mailings/create/ HTTP/1.1" 200 3535
INFO 2025-10-26 18:01:48,054 basehttp 10944 16628 "POST /mailings/create/ HTTP/1.1" 302 0
INFO 2025-10-26 18:01:48,076 basehttp 10944 16628 "GET /mailings/ HTTP/1.1" 200 2982
INFO 2025-10-26 18:09:25,442 autoreload 4944 19948 Watching for file changes with StatReloader
INFO 2025-10-26 18:09:26,861 basehttp 4944 15340 "GET / HTTP/1.1" 200 2884
INFO 2025-10-26 18:10:02,114 basehttp 4944 15340 "GET / HTTP/1.1" 200 2884
ERROR 2025-10-26 18:10:07,168 log 4944 15340 Internal Server Error: /statistics/
Traceback (most recent call last):
  File "C:\Users\saido\AppData\Local\pypoetry\Cache\virtualenvs\project-django-service-EOVQ5_a7-py3.13\Lib\site-packages\django\core\handlers\exception.py", line 55, in inner
    response = get_response(request)
  File "C:\Users\saido\AppData\Local\pypoetry\Cache\virtualenvs\project-django-service-EOVQ5_a7-py3.13\Lib\site-packages\django\core\handlers\base.py", line 197, in _get_response
    response = wrapped_callback(request, *callback_args, **callback_kwargs)
  File "C:\Users\saido\AppData\Local\pypoetry\Cache\virtualenvs\project-django-service-EOVQ5_a7-py3.13\Lib\site-packages\django\contrib\auth\decorators.py", line 59, in _view_wrapper
    return view_func(request, *args, **kwargs)
  File "C:\Users\saido\Desktop\Курсовой проект 4\Project_Django_service\mailing_service\service\views.py", line 127, in statistics
    return render(request, 'service/statistics.html', context)
  File "C:\Users\saido\AppData\Local\pypoetry\Cache\virtualenvs\project-django-service-EOVQ5_a7-py3.13\Lib\site-packages\django\shortcuts.py", line 25, in render
    content = loader.render_to_string(template_name, context, request, using=using)
  File "C:\Users\saido\AppData\Local\pypoetry\Cache\virtualenvs\project-django-service-EOVQ5_a7-py3.13\Lib\site-packages\django\template\loader.py", line 61, in render_to_string
    template = get_template(template_name, using=using)
  File "C:\Users\saido\AppData\Local\pypoetry\Cache\virtualenvs\project-django-service-EOVQ5_a7-py3.13\Lib\site-packages\django\template\loader.py", line 19, in get_template
    raise TemplateDoesNotExist(template_name, chain=chain)
django.template.exceptions.TemplateDoesNotExist: service/statistics.html
ERROR 2025-10-26 18:10:07,174 basehttp 4944 15340 "GET /statistics/ HTTP/1.1" 500 89932
INFO 2025-10-26 18:10:09,420 basehttp 4944 15340 "GET /clients/ HTTP/1.1" 200 2026
INFO 2025-10-26 18:10:10,613 basehttp 4944 15340 "GET /messages/ HTTP/1.1" 200 2148
INFO 2025-10-26 18:10:11,357 basehttp 4944 15340 "GET /mailings/ HTTP/1.1" 200 2671
ERROR 2025-10-26 18:10:13,365 log 4944 15340 Internal Server Error: /statistics/
Traceback (most recent call last):
  File "C:\Users\saido\AppData\Local\pypoetry\Cache\virtualenvs\project-django-service-EOVQ5_a7-py3.13\Lib\site-packages\django\core\handlers\exception.py", line 55, in inner
    response = get_response(request)
  File "C:\Users\saido\AppData\Local\pypoetry\Cache\virtualenvs\project-django-service-EOVQ5_a7-py3.13\Lib\site-packages\django\core\handlers\base.py", line 197, in _get_response
    response = wrapped_callback(request, *callback_args, **callback_kwargs)
  File "C:\Users\saido\AppData\Local\pypoetry\Cache\virtualenvs\project-django-service-EOVQ5_a7-py3.13\Lib\site-packages\django\contrib\auth\decorators.py", line 59, in _view_wrapper
    return view_func(request, *args, **kwargs)
  File "C:\Users\saido\Desktop\Курсовой проект 4\Project_Django_service\mailing_service\service\views.py", line 127, in statistics
    return render(request, 'service/statistics.html', context)
  File "C:\Users\saido\AppData\Local\pypoetry\Cache\virtualenvs\project-django-service-EOVQ5_a7-py3.13\Lib\site-packages\django\shortcuts.py", line 25, in render
    content = loader.render_to_string(template_name, context, request, using=using)
  File "C:\Users\saido\AppData\Local\pypoetry\Cache\virtualenvs\project-django-service-EOVQ5_a7-py3.13\Lib\site-packages\django\template\loader.py", line 61, in render_to_string
    template = get_template(template_name, using=using)
  File "C:\Users\saido\AppData\Local\pypoetry\Cache\virtualenvs\project-django-service-EOVQ5_a7-py3.13\Lib\site-packages\django\template\loader.py", line 19, in get_template
    raise TemplateDoesNotExist(template_name, chain=chain)
django.template.exceptions.TemplateDoesNotExist: service/statistics.html
ERROR 2025-10-26 18:10:13,368 basehttp 4944 15340 "GET /statistics/ HTTP/1.1" 500 89941
ERROR 2025-10-26 18:11:03,145 log 4944 15340 Internal Server Error: /statistics/
Traceback (most recent call last):
  File "C:\Users\saido\AppData\Local\pypoetry\Cache\virtualenvs\project-django-service-EOVQ5_a7-py3.13\Lib\site-packages\django\core\handlers\exception.py", line 55, in inner
    response = get_response(request)
  File "C:\Users\saido\AppData\Local\pypoetry\Cache\virtualenvs\project-django-service-EOVQ5_a7-py3.13\Lib\site-packages\django\core\handlers\base.py", line 197, in _get_response
    response = wrapped_callback(request, *callback_args, **callback_kwargs)
  File "C:\Users\saido\AppData\Local\pypoetry\Cache\virtualenvs\project-django-service-EOVQ5_a7-py3.13\Lib\site-packages\django\contrib\auth\decorators.py", line 59, in _view_wrapper
    return view_func(request, *args, **kwargs)
  File "C:\Users\saido\Desktop\Курсовой проект 4\Project_Django_service\mailing_service\service\views.py", line 127, in statistics
    return render(request, 'service/statistics.html', context)
  File "C:\Users\saido\AppData\Local\pypoetry\Cache\virtualenvs\project-django-service-EOVQ5_a7-py3.13\Lib\site-packages\django\shortcuts.py", line 25, in render
    content = loader.render_to_string(template_name, context, request, using=using)
  File "C:\Users\saido\AppData\Local\pypoetry\Cache\virtualenvs\project-django-service-EOVQ5_a7-py3.13\Lib\site-packages\django\template\loader.py", line 61, in render_to_string
    template = get_template(template_name, using=using)
  File "C:\Users\saido\AppData\Local\pypoetry\Cache\virtualenvs\project-django-service-EOVQ5_a7-py3.13\Lib\site-packages\django\template\loader.py", line 19, in get_template
    raise TemplateDoesNotExist(template_name, chain=chain)
django.template.exceptions.TemplateDoesNotExist: service/statistics.html
ERROR 2025-10-26 18:11:03,148 basehttp 4944 15340 "GET /statistics/ HTTP/1.1" 500 89918
INFO 2025-10-26 18:13:38,910 basehttp 4944 15340 "GET /statistics/ HTTP/1.1" 200 2959
INFO 2025-10-26 18:14:00,542 basehttp 4944 15340 "GET /clients/ HTTP/1.1" 200 2026
INFO 2025-10-26 18:14:01,359 basehttp 4944 15340 "GET /messages/ HTTP/1.1" 200 2148
INFO 2025-10-26 18:14:08,223 basehttp 4944 15340 "GET /mailings/ HTTP/1.1" 200 2671
INFO 2025-10-26 18:14:09,766 basehttp 4944 15340 "GET /statistics/ HTTP/1.1" 200 2959
INFO 2025-10-26 18:14:10,853 basehttp 4944 15340 "GET /mailings/ HTTP/1.1" 200 2671
INFO 2025-10-26 18:14:12,348 basehttp 4944 15340 "GET /statistics/ HTTP/1.1" 200 2959
INFO 2025-10-26 18:14:52,786 basehttp 4944 15340 "GET /users/logout/ HTTP/1.1" 302 0
INFO 2025-10-26 18:14:52,802 basehttp 4944 15340 "GET / HTTP/1.1" 200 2815
INFO 2025-10-26 18:14:57,792 basehttp 4944 15340 "GET /users/register/ HTTP/1.1" 200 2981
INFO 2025-10-26 18:15:33,400 basehttp 4944 15340 "POST /users/register/ HTTP/1.1" 200 3300
INFO 2025-10-26 18:15:49,437 basehttp 4944 15340 "POST /users/register/ HTTP/1.1" 200 3301
INFO 2025-10-26 18:16:17,500 basehttp 4944 15340 "POST /users/register/ HTTP/1.1" 302 0
INFO 2025-10-26 18:16:17,519 basehttp 4944 15340 "GET / HTTP/1.1" 200 3206
INFO 2025-10-26 18:16:24,030 basehttp 4944 15340 "GET /clients/ HTTP/1.1" 200 1446
INFO 2025-10-26 18:16:33,259 basehttp 4944 15340 "GET /messages/ HTTP/1.1" 200 1459
INFO 2025-10-26 18:16:38,016 basehttp 4944 15340 "GET /mailings/ HTTP/1.1" 200 1451
INFO 2025-10-26 18:16:41,444 basehttp 4944 15340 "GET /clients/ HTTP/1.1" 200 1446
INFO 2025-10-26 18:16:42,004 basehttp 4944 15340 "GET /clients/create/ HTTP/1.1" 200 2190
ERROR 2025-10-26 18:16:52,371 log 4944 15340 Internal Server Error: /clients/create/
Traceback (most recent call last):
  File "C:\Users\saido\AppData\Local\pypoetry\Cache\virtualenvs\project-django-service-EOVQ5_a7-py3.13\Lib\site-packages\django\db\backends\utils.py", line 105, in _execute
    return self.cursor.execute(sql, params)
           ~~~~~~~~~~~~~~~~~~~^^^^^^^^^^^^^
  File "C:\Users\saido\AppData\Local\pypoetry\Cache\virtualenvs\project-django-service-EOVQ5_a7-py3.13\Lib\site-packages\django\db\backends\sqlite3\base.py", line 360, in execute
    return super().execute(query, params)
           ~~~~~~~~~~~~~~~^^^^^^^^^^^^^^^
sqlite3.IntegrityError: UNIQUE constraint failed: service_client.email

The above exception was the direct cause of the following exception:

Traceback (most recent call last):
  File "C:\Users\saido\AppData\Local\pypoetry\Cache\virtualenvs\project-django-service-EOVQ5_a7-py3.13\Lib\site-packages\django\core\handlers\exception.py", line 55, in inner
    response = get_response(request)
  File "C:\Users\saido\AppData\Local\pypoetry\Cache\virtualenvs\project-django-service-EOVQ5_a7-py3.13\Lib\site-packages\django\core\handlers\base.py", line 197, in _get_response
    response = wrapped_callback(request, *callback_args, **callback_kwargs)
  File "C:\Users\saido\AppData\Local\pypoetry\Cache\virtualenvs\project-django-service-EOVQ5_a7-py3.13\Lib\site-packages\django\contrib\auth\decorators.py", line 59, in _view_wrapper
    return view_func(request, *args, **kwargs)
  File "C:\Users\saido\Desktop\Курсовой проект 4\Project_Django_service\mailing_service\service\views.py", line 35, in client_create
    client = Client.objects.create(
        email=email,
    ...<2 lines>...
        owner=request.user
    )
  File "C:\Users\saido\AppData\Local\pypoetry\Cache\virtualenvs\project-django-service-EOVQ5_a7-py3.13\Lib\site-packages\django\db\models\manager.py", line 87, in manager_method
    return getattr(self.get_queryset(), name)(*args, **kwargs)
           ~~~~~~~~~~~~~~~~~~~~~~~~~~~~~~~~~~^^^^^^^^^^^^^^^^^
  File "C:\Users\saido\AppData\Local\pypoetry\Cache\virtualenvs\project-django-service-EOVQ5_a7-py3.13\Lib\site-packages\django\db\models\query.py", line 663, in create
    obj.save(force_insert=True, using=self.db)
    ~~~~~~~~^^^^^^^^^^^^^^^^^^^^^^^^^^^^^^^^^^
  File "C:\Users\saido\AppData\Local\pypoetry\Cache\virtualenvs\project-django-service-EOVQ5_a7-py3.13\Lib\site-packages\django\db\models\base.py", line 902, in save
    self.save_base(
    ~~~~~~~~~~~~~~^
        using=using,
        ^^^^^^^^^^^^
    ...<2 lines>...
        update_fields=update_fields,
        ^^^^^^^^^^^^^^^^^^^^^^^^^^^^
    )
    ^
  File "C:\Users\saido\AppData\Local\pypoetry\Cache\virtualenvs\project-django-service-EOVQ5_a7-py3.13\Lib\site-packages\django\db\models\base.py", line 1008, in save_base
    updated = self._save_table(
        raw,
    ...<4 lines>...
        update_fields,
    )
  File "C:\Users\saido\AppData\Local\pypoetry\Cache\virtualenvs\project-django-service-EOVQ5_a7-py3.13\Lib\site-packages\django\db\models\base.py", line 1169, in _save_table
    results = self._do_insert(
        cls._base_manager, using, fields, returning_fields, raw
    )
  File "C:\Users\saido\AppData\Local\pypoetry\Cache\virtualenvs\project-django-service-EOVQ5_a7-py3.13\Lib\site-packages\django\db\models\base.py", line 1210, in _do_insert
    return manager._insert(
           ~~~~~~~~~~~~~~~^
        [self],
        ^^^^^^^
    ...<3 lines>...
        raw=raw,
        ^^^^^^^^
    )
    ^
  File "C:\Users\saido\AppData\Local\pypoetry\Cache\virtualenvs\project-django-service-EOVQ5_a7-py3.13\Lib\site-packages\django\db\models\manager.py", line 87, in manager_method
    return getattr(self.get_queryset(), name)(*args, **kwargs)
           ~~~~~~~~~~~~~~~~~~~~~~~~~~~~~~~~~~^^^^^^^^^^^^^^^^^
  File "C:\Users\saido\AppData\Local\pypoetry\Cache\virtualenvs\project-django-service-EOVQ5_a7-py3.13\Lib\site-packages\django\db\models\query.py", line 1868, in _insert
    return query.get_compiler(using=using).execute_sql(returning_fields)
           ~~~~~~~~~~~~~~~~~~~~~~~~~~~~~~~~~~~~~~~~~~~^^^^^^^^^^^^^^^^^^
  File "C:\Users\saido\AppData\Local\pypoetry\Cache\virtualenvs\project-django-service-EOVQ5_a7-py3.13\Lib\site-packages\django\db\models\sql\compiler.py", line 1882, in execute_sql
    cursor.execute(sql, params)
    ~~~~~~~~~~~~~~^^^^^^^^^^^^^
  File "C:\Users\saido\AppData\Local\pypoetry\Cache\virtualenvs\project-django-service-EOVQ5_a7-py3.13\Lib\site-packages\django\db\backends\utils.py", line 122, in execute
    return super().execute(sql, params)
           ~~~~~~~~~~~~~~~^^^^^^^^^^^^^
  File "C:\Users\saido\AppData\Local\pypoetry\Cache\virtualenvs\project-django-service-EOVQ5_a7-py3.13\Lib\site-packages\django\db\backends\utils.py", line 79, in execute
    return self._execute_with_wrappers(
           ~~~~~~~~~~~~~~~~~~~~~~~~~~~^
        sql, params, many=False, executor=self._execute
        ^^^^^^^^^^^^^^^^^^^^^^^^^^^^^^^^^^^^^^^^^^^^^^^
    )
    ^
  File "C:\Users\saido\AppData\Local\pypoetry\Cache\virtualenvs\project-django-service-EOVQ5_a7-py3.13\Lib\site-packages\django\db\backends\utils.py", line 92, in _execute_with_wrappers
    return executor(sql, params, many, context)
  File "C:\Users\saido\AppData\Local\pypoetry\Cache\virtualenvs\project-django-service-EOVQ5_a7-py3.13\Lib\site-packages\django\db\backends\utils.py", line 100, in _execute
    with self.db.wrap_database_errors:
         ^^^^^^^^^^^^^^^^^^^^^^^^^^^^
  File "C:\Users\saido\AppData\Local\pypoetry\Cache\virtualenvs\project-django-service-EOVQ5_a7-py3.13\Lib\site-packages\django\db\utils.py", line 91, in __exit__
    raise dj_exc_value.with_traceback(traceback) from exc_value
  File "C:\Users\saido\AppData\Local\pypoetry\Cache\virtualenvs\project-django-service-EOVQ5_a7-py3.13\Lib\site-packages\django\db\backends\utils.py", line 105, in _execute
    return self.cursor.execute(sql, params)
           ~~~~~~~~~~~~~~~~~~~^^^^^^^^^^^^^
  File "C:\Users\saido\AppData\Local\pypoetry\Cache\virtualenvs\project-django-service-EOVQ5_a7-py3.13\Lib\site-packages\django\db\backends\sqlite3\base.py", line 360, in execute
    return super().execute(query, params)
           ~~~~~~~~~~~~~~~^^^^^^^^^^^^^^^
django.db.utils.IntegrityError: UNIQUE constraint failed: service_client.email
ERROR 2025-10-26 18:16:52,377 basehttp 4944 15340 "POST /clients/create/ HTTP/1.1" 500 167640
INFO 2025-10-26 18:17:07,066 basehttp 4944 15340 "POST /clients/create/ HTTP/1.1" 302 0
INFO 2025-10-26 18:17:07,076 basehttp 4944 15340 "GET /clients/ HTTP/1.1" 200 2123
INFO 2025-10-26 18:17:10,172 basehttp 4944 15340 "GET /messages/ HTTP/1.1" 200 1459
INFO 2025-10-26 18:17:11,003 basehttp 4944 15340 "GET /messages/create/ HTTP/1.1" 200 2028
INFO 2025-10-26 18:17:27,264 basehttp 4944 15340 "POST /messages/create/ HTTP/1.1" 302 0
INFO 2025-10-26 18:17:27,276 basehttp 4944 15340 "GET /messages/ HTTP/1.1" 200 2050
INFO 2025-10-26 18:17:29,884 basehttp 4944 15340 "GET /mailings/ HTTP/1.1" 200 1764
INFO 2025-10-26 18:17:31,103 basehttp 4944 15340 "GET /mailings/create/ HTTP/1.1" 200 3120
INFO 2025-10-26 18:17:59,892 basehttp 4944 15340 "POST /mailings/create/ HTTP/1.1" 302 0
INFO 2025-10-26 18:17:59,910 basehttp 4944 15340 "GET /mailings/ HTTP/1.1" 200 2529
INFO 2025-10-26 18:18:10,627 basehttp 4944 15340 "GET /users/logout/ HTTP/1.1" 302 0
INFO 2025-10-26 18:18:10,637 basehttp 4944 15340 "GET / HTTP/1.1" 200 2815
INFO 2025-10-26 18:18:16,798 basehttp 4944 15340 "GET /users/login/ HTTP/1.1" 200 1660
INFO 2025-10-26 18:18:27,776 basehttp 4944 15340 "POST /users/login/ HTTP/1.1" 200 1692
INFO 2025-10-26 18:18:29,835 basehttp 4944 15340 "GET /users/login/ HTTP/1.1" 200 1660
INFO 2025-10-26 18:18:42,595 basehttp 4944 15340 "GET /admin/ HTTP/1.1" 302 0
INFO 2025-10-26 18:18:42,618 basehttp 4944 15340 "GET /admin/login/?next=/admin/ HTTP/1.1" 200 4173
INFO 2025-10-26 18:18:49,912 basehttp 4944 15340 "POST /admin/login/?next=/admin/ HTTP/1.1" 200 4359
INFO 2025-10-26 18:19:04,978 basehttp 4944 15340 "POST /admin/login/?next=/admin/ HTTP/1.1" 200 4351
INFO 2025-10-26 18:20:15,295 basehttp 4944 15340 "POST /admin/login/?next=/admin/ HTTP/1.1" 200 4345
INFO 2025-10-26 18:21:39,705 autoreload 15100 14140 Watching for file changes with StatReloader
INFO 2025-10-26 18:21:54,368 basehttp 15100 4284 "GET / HTTP/1.1" 200 2518
INFO 2025-10-26 18:22:03,167 basehttp 15100 4284 "GET /users/login/ HTTP/1.1" 200 1660
INFO 2025-10-26 18:22:15,602 basehttp 15100 4284 "POST /users/login/ HTTP/1.1" 302 0
INFO 2025-10-26 18:22:15,610 basehttp 15100 4284 "GET / HTTP/1.1" 200 3183
INFO 2025-10-26 18:22:28,810 basehttp 15100 4284 "GET /statistics/ HTTP/1.1" 200 2405
INFO 2025-10-26 18:22:32,237 basehttp 15100 4284 "GET /mailings/ HTTP/1.1" 200 1446
INFO 2025-10-26 18:22:33,074 basehttp 15100 4284 "GET /messages/ HTTP/1.1" 200 1454
INFO 2025-10-26 18:22:33,713 basehttp 15100 4284 "GET /clients/ HTTP/1.1" 200 1441
INFO 2025-10-26 18:22:43,615 basehttp 15100 4284 "GET /admin/ HTTP/1.1" 200 11356
INFO 2025-10-26 18:22:43,692 basehttp 15100 4284 "GET /static/admin/css/dashboard.css HTTP/1.1" 200 441
INFO 2025-10-26 18:22:43,717 basehttp 15100 4284 "GET /static/admin/img/icon-addlink.svg HTTP/1.1" 200 331
INFO 2025-10-26 18:22:43,717 basehttp 15100 13748 "GET /static/admin/img/icon-changelink.svg HTTP/1.1" 200 380
INFO 2025-10-26 18:22:43,717 basehttp 15100 7892 "GET /static/admin/img/icon-viewlink.svg HTTP/1.1" 200 581
INFO 2025-10-26 18:23:10,400 basehttp 15100 13748 "GET /admin/users/user/ HTTP/1.1" 200 16569
INFO 2025-10-26 18:23:10,449 basehttp 15100 13748 "GET /static/admin/css/changelists.css HTTP/1.1" 200 6878
INFO 2025-10-26 18:23:10,457 basehttp 15100 14588 "GET /static/admin/js/jquery.init.js HTTP/1.1" 200 347
INFO 2025-10-26 18:23:10,470 basehttp 15100 13876 "GET /static/admin/js/core.js HTTP/1.1" 200 6208
INFO 2025-10-26 18:23:10,473 basehttp 15100 5536 "GET /static/admin/js/admin/RelatedObjectLookups.js HTTP/1.1" 200 9777
INFO 2025-10-26 18:23:10,481 basehttp 15100 7892 "GET /admin/jsi18n/ HTTP/1.1" 200 3342
INFO 2025-10-26 18:23:10,482 basehttp 15100 14588 "GET /static/admin/js/urlify.js HTTP/1.1" 200 7887
INFO 2025-10-26 18:23:10,482 basehttp 15100 13748 "GET /static/admin/js/actions.js HTTP/1.1" 200 8076
INFO 2025-10-26 18:23:10,493 basehttp 15100 13876 "GET /static/admin/js/prepopulate.js HTTP/1.1" 200 1531
INFO 2025-10-26 18:23:10,495 basehttp 15100 13748 "GET /static/admin/img/icon-no.svg HTTP/1.1" 200 560
INFO 2025-10-26 18:23:10,496 basehttp 15100 7892 "GET /static/admin/img/search.svg HTTP/1.1" 200 458
INFO 2025-10-26 18:23:10,515 basehttp 15100 4284 "GET /static/admin/js/vendor/jquery/jquery.js HTTP/1.1" 200 285314
INFO 2025-10-26 18:23:10,543 basehttp 15100 4284 "GET /static/admin/js/filters.js HTTP/1.1" 200 978
INFO 2025-10-26 18:23:10,591 basehttp 15100 5536 "GET /static/admin/js/vendor/xregexp/xregexp.js HTTP/1.1" 200 325171
INFO 2025-10-26 18:23:10,619 basehttp 15100 5536 "GET /static/admin/img/tooltag-add.svg HTTP/1.1" 200 331
INFO 2025-10-26 18:23:10,619 basehttp 15100 4284 "GET /static/admin/img/sorting-icons.svg HTTP/1.1" 200 1097
INFO 2025-10-26 18:23:16,314 basehttp 15100 4284 "GET /admin/ HTTP/1.1" 200 11356
INFO 2025-10-26 18:23:18,178 basehttp 15100 4284 "GET /admin/service/message/ HTTP/1.1" 200 14969
INFO 2025-10-26 18:23:18,189 basehttp 15100 4284 "GET /admin/jsi18n/ HTTP/1.1" 200 3342
INFO 2025-10-26 18:23:22,360 basehttp 15100 4284 "GET /admin/ HTTP/1.1" 200 11356
INFO 2025-10-26 18:23:24,987 basehttp 15100 4284 "GET /admin/service/mailing/ HTTP/1.1" 200 17424
INFO 2025-10-26 18:23:25,004 basehttp 15100 4284 "GET /admin/jsi18n/ HTTP/1.1" 200 3342
INFO 2025-10-26 18:23:26,905 basehttp 15100 4284 "GET /admin/ HTTP/1.1" 200 11356
INFO 2025-10-26 18:23:27,760 basehttp 15100 4284 "GET /admin/service/client/ HTTP/1.1" 200 15552
INFO 2025-10-26 18:23:27,781 basehttp 15100 4284 "GET /admin/jsi18n/ HTTP/1.1" 200 3342
INFO 2025-10-26 18:23:29,405 basehttp 15100 4284 "GET /admin/ HTTP/1.1" 200 11356
INFO 2025-10-26 18:24:12,682 basehttp 15100 4284 "GET / HTTP/1.1" 200 2880
